
<DESCRIBE::>stack underflow

<IT::>single test

<FAILED::>Test Failed
Data stack underflow

<COMPLETEDIN::>0 ms

<IT::>double test

<FAILED::>Test Failed
Data stack underflow

<FAILED::>Test Failed
Data stack underflow

<COMPLETEDIN::>0 ms

<IT::>double test

<FAILED::>Test Failed
Data stack underflow

<FAILED::>Test Failed
Data stack underflow

<COMPLETEDIN::>0 ms

<IT::>double test

<FAILED::>Test Failed
Data stack underflow

<FAILED::>Test Failed
Data stack underflow

<COMPLETEDIN::>0 ms

<COMPLETEDIN::>0 ms
