
<DESCRIBE::>group of tests

<IT::>single test

<FAILED::>Test Failed
Expected :
0
, but got :
0
0

<COMPLETEDIN::>0 ms

<IT::>double test

<FAILED::>Test Failed
Expected :
0
, but got :
0
0

<PASSED::>Test Passed

<COMPLETEDIN::>0 ms

<IT::>double fail test

<FAILED::>Test Failed
Expected :
0
, but got :
0
0

<FAILED::>Test Failed
Expected :
0
0
0
, but got :
0

<COMPLETEDIN::>0 ms

<COMPLETEDIN::>0 ms
